login as: vagrant
Authenticating with public key "imported-openssh-key"
Welcome to Ubuntu 18.04.3 LTS (GNU/Linux 4.15.0-72-generic x86_64)

 * Documentation:  https://help.ubuntu.com
 * Management:     https://landscape.canonical.com
 * Support:        https://ubuntu.com/advantage

  System information as of Tue May 18 02:18:05 UTC 2021

  System load:  0.08              Processes:              104
  Usage of /:   3.4% of 61.80GB   Users logged in:        1
  Memory usage: 19%               IP address for eth0:    10.0.2.15
  Swap usage:   0%                IP address for docker0: 172.17.0.1

 * Pure upstream Kubernetes 1.21, smallest, simplest cluster ops!

     https://microk8s.io/

218 packages can be updated.
165 updates are security updates.



This system is built by the Bento project by Chef Software
More information can be found at https://github.com/chef/bento
Last login: Mon May 17 03:23:45 2021 from 10.0.2.2
vagrant@vagrant:~$ sudo su -
root@vagrant:~#
root@vagrant:~# docker pull nginx
Using default tag: latest
latest: Pulling from library/nginx
69692152171a: Pull complete
49f7d34d62c1: Pull complete
5f97dc5d71ab: Pull complete
cfcd0711b93a: Pull complete
be6172d7651b: Pull complete
de9813870342: Pull complete
Digest: sha256:df13abe416e37eb3db4722840dd479b00ba193ac6606e7902331dcea50f4f1f2
Status: Downloaded newer image for nginx:latest
docker.io/library/nginx:latest
root@vagrant:~# docker image ls
REPOSITORY   TAG       IMAGE ID       CREATED      SIZE
nginx        latest    f0b8a9a54136   5 days ago   133MB
root@vagrant:~# docker tag nginx ngnx:develop
root@vagrant:~# docker images
REPOSITORY   TAG       IMAGE ID       CREATED      SIZE
nginx        latest    f0b8a9a54136   5 days ago   133MB
ngnx         develop   f0b8a9a54136   5 days ago   133MB
root@vagrant:~# docker image ls
REPOSITORY   TAG       IMAGE ID       CREATED      SIZE
nginx        latest    f0b8a9a54136   5 days ago   133MB
ngnx         develop   f0b8a9a54136   5 days ago   133MB
root@vagrant:~#
root@vagrant:~# docker run nginx
/docker-entrypoint.sh: /docker-entrypoint.d/ is not empty, will attempt to perform configuration
/docker-entrypoint.sh: Looking for shell scripts in /docker-entrypoint.d/
/docker-entrypoint.sh: Launching /docker-entrypoint.d/10-listen-on-ipv6-by-default.sh
10-listen-on-ipv6-by-default.sh: info: Getting the checksum of /etc/nginx/conf.d/default.conf
10-listen-on-ipv6-by-default.sh: info: Enabled listen on IPv6 in /etc/nginx/conf.d/default.conf
/docker-entrypoint.sh: Launching /docker-entrypoint.d/20-envsubst-on-templates.sh
/docker-entrypoint.sh: Launching /docker-entrypoint.d/30-tune-worker-processes.sh
/docker-entrypoint.sh: Configuration complete; ready for start up
^Croot@vagrant:~#
root@vagrant:~# docker images
REPOSITORY   TAG       IMAGE ID       CREATED      SIZE
nginx        latest    f0b8a9a54136   5 days ago   133MB
ngnx         develop   f0b8a9a54136   5 days ago   133MB
root@vagrant:~# docker pull ubuntu
Using default tag: latest
latest: Pulling from library/ubuntu
345e3491a907: Pull complete
57671312ef6f: Pull complete
5e9250ddb7d0: Pull complete
Digest: sha256:cf31af331f38d1d7158470e095b132acd126a7180a54f263d386da88eb681d93
Status: Downloaded newer image for ubuntu:latest
docker.io/library/ubuntu:latest
root@vagrant:~# docker run -d nginx
8449eea16e828184b84604442a0c6bc6df69ce6f391d70ec5bf55539f2a1927c
root@vagrant:~# docker ps
CONTAINER ID   IMAGE     COMMAND                  CREATED         STATUS         PORTS     NAMES
8449eea16e82   nginx     "/docker-entrypoint.…"   7 seconds ago   Up 6 seconds   80/tcp    stoic_bell
root@vagrant:~# docker exec -it 8449eea16e82 bash
root@8449eea16e82:/# cat /etc/*release*
PRETTY_NAME="Debian GNU/Linux 10 (buster)"
NAME="Debian GNU/Linux"
VERSION_ID="10"
VERSION="10 (buster)"
VERSION_CODENAME=buster
ID=debian
HOME_URL="https://www.debian.org/"
SUPPORT_URL="https://www.debian.org/support"
BUG_REPORT_URL="https://bugs.debian.org/"
root@8449eea16e82:/# exit
exit
root@vagrant:~#
root@vagrant:~# docker ps
CONTAINER ID   IMAGE     COMMAND                  CREATED          STATUS          PORTS     NAMES
8449eea16e82   nginx     "/docker-entrypoint.…"   35 minutes ago   Up 35 minutes   80/tcp    stoic_bell
root@vagrant:~# docker exec -it 8449eea16e82 bash
root@8449eea16e82:/# exit
exit
root@vagrant:~# docker exec 8449eea16e82 cat /etc/*release*
cat: /etc/lsb-releasePRETTY_NAME="Debian GNU/Linux 10 (buster)"
NAME="Debian GNU/Linux"
VERSION_ID="10"
VERSION="10 (buster)"
VERSION_CODENAME=buster
ID=debian
HOME_URL="https://www.debian.org/"
SUPPORT_URL="https://www.debian.org/support"
BUG_REPORT_URL="https://bugs.debian.org/"
: No such file or directory
root@vagrant:~#
root@vagrant:~# docker run helloworld
Unable to find image 'helloworld:latest' locally
docker: Error response from daemon: pull access denied for helloworld, repository does not exist or may require 'docker login': denied: requested access to the resource is denied.
See 'docker run --help'.
root@vagrant:~# docker run hello-world
Unable to find image 'hello-world:latest' locally
latest: Pulling from library/hello-world
b8dfde127a29: Pull complete
Digest: sha256:5122f6204b6a3596e048758cabba3c46b1c937a46b5be6225b835d091b90e46c
Status: Downloaded newer image for hello-world:latest

Hello from Docker!
This message shows that your installation appears to be working correctly.

To generate this message, Docker took the following steps:
 1. The Docker client contacted the Docker daemon.
 2. The Docker daemon pulled the "hello-world" image from the Docker Hub.
    (amd64)
 3. The Docker daemon created a new container from that image which runs the
    executable that produces the output you are currently reading.
 4. The Docker daemon streamed that output to the Docker client, which sent it
    to your terminal.

To try something more ambitious, you can run an Ubuntu container with:
 $ docker run -it ubuntu bash

Share images, automate workflows, and more with a free Docker ID:
 https://hub.docker.com/

For more examples and ideas, visit:
 https://docs.docker.com/get-started/

root@vagrant:~# docker ps
CONTAINER ID   IMAGE     COMMAND                  CREATED          STATUS          PORTS     NAMES
8449eea16e82   nginx     "/docker-entrypoint.…"   41 minutes ago   Up 41 minutes   80/tcp    stoic_bell
root@vagrant:~#
root@vagrant:~# docker ps
CONTAINER ID   IMAGE     COMMAND                  CREATED          STATUS          PORTS     NAMES
8449eea16e82   nginx     "/docker-entrypoint.…"   41 minutes ago   Up 41 minutes   80/tcp    stoic_bell
root@vagrant:~# docker ps -a
CONTAINER ID   IMAGE         COMMAND                  CREATED              STATUS                          PORTS     NAMES
44ee5b0b73bd   hello-world   "/hello"                 About a minute ago   Exited (0) About a minute ago             festive_jang
8449eea16e82   nginx         "/docker-entrypoint.…"   41 minutes ago       Up 41 minutes                   80/tcp    stoic_bell
e09595d47583   nginx         "/docker-entrypoint.…"   43 minutes ago       Exited (0) 43 minutes ago                 objective_hoover
root@vagrant:~# docker pull busybox
Using default tag: latest
latest: Pulling from library/busybox
92f8b3f0730f: Pull complete
Digest: sha256:b5fc1d7b2e4ea86a06b0cf88de915a2c43a99a00b6b3c0af731e5f4c07ae8eff
Status: Downloaded newer image for busybox:latest
docker.io/library/busybox:latest
root@vagrant:~# docker login classnairreg.azurecr.io
Username: classnairreg
Password:
WARNING! Your password will be stored unencrypted in /root/.docker/config.json.
Configure a credential helper to remove this warning. See
https://docs.docker.com/engine/reference/commandline/login/#credentials-store

Login Succeeded
root@vagrant:~# docker tag busybox classnairreg.azurecr.io/busybox
root@vagrant:~# docker push classnairreg.azurecr.io/busybox
Using default tag: latest
The push refers to repository [classnairreg.azurecr.io/busybox]
d0d0905d7be4: Pushed
latest: digest: sha256:f3cfc9d0dbf931d3db4685ec659b7ac68e2a578219da4aae65427886e649b06b size: 527
root@vagrant:~# docker pull redis
Using default tag: latest
latest: Pulling from library/redis
69692152171a: Already exists
a4a46f2fd7e0: Pull complete
bcdf6fddc3bd: Pull complete
b7e9b50900cc: Pull complete
5f3030c50d85: Pull complete
63dae8e0776c: Pull complete
Digest: sha256:365eddf64356169aa0cbfbeaf928eb80762de3cc364402e7653532bcec912973
Status: Downloaded newer image for redis:latest
docker.io/library/redis:latest
root@vagrant:~#
